// Jest Snapshot v1, https://goo.gl/fbAQLP

exports[`renders correctly 1`] = `
<View
  collapsable={true}
  pointerEvents="box-none"
  style={
    Object {
      "flex": 1,
    }
  }
>
  <View
    style={
      Object {
        "flex": 1,
      }
    }
  >
    <RNCSafeAreaView
      style={
        Object {
          "flex": 1,
        }
      }
    >
      <View
        style={
          Object {
            "flex": 1,
            "overflow": "hidden",
          }
        }
      >
        <View
          pointerEvents="box-none"
          style={
            Object {
              "bottom": 0,
              "left": 0,
              "position": "absolute",
              "right": 0,
              "top": 0,
            }
          }
        >
          <View
            accessibilityElementsHidden={false}
            closing={false}
            gestureVelocityImpact={0.3}
            importantForAccessibility="auto"
            pointerEvents="box-none"
            style={
              Object {
                "bottom": 0,
                "left": 0,
                "position": "absolute",
                "right": 0,
                "top": 0,
              }
            }
            transitionSpec={
              Object {
                "close": Object {
                  "animation": "spring",
                  "config": Object {
                    "damping": 500,
                    "mass": 3,
                    "overshootClamping": true,
                    "restDisplacementThreshold": 0.01,
                    "restSpeedThreshold": 0.01,
                    "stiffness": 1000,
                  },
                },
                "open": Object {
                  "animation": "spring",
                  "config": Object {
                    "damping": 500,
                    "mass": 3,
                    "overshootClamping": true,
                    "restDisplacementThreshold": 0.01,
                    "restSpeedThreshold": 0.01,
                    "stiffness": 1000,
                  },
                },
              }
            }
          >
            <View
              pointerEvents="box-none"
              style={
                Object {
                  "flex": 1,
                  "marginTop": 64,
                }
              }
            >
              <View
                collapsable={false}
                style={
                  Object {
                    "flex": 1,
                    "transform": Array [
                      Object {
                        "translateX": 0,
                      },
                      Object {
                        "translateX": 0,
                      },
                    ],
                  }
                }
              >
                <View
                  pointerEvents="none"
                  style={
                    Object {
                      "backgroundColor": "rgb(242, 242, 242)",
                      "bottom": 0,
                      "left": 0,
                      "position": "absolute",
                      "shadowColor": "#000",
                      "shadowOffset": Object {
                        "height": 1,
                        "width": -1,
                      },
                      "shadowOpacity": 0.3,
                      "shadowRadius": 5,
                      "top": 0,
                      "width": 3,
                    }
                  }
                />
                <View
                  style={
                    Array [
                      Object {
                        "flex": 1,
                        "overflow": "hidden",
                      },
                      Array [
                        Object {
                          "backgroundColor": "rgb(242, 242, 242)",
                        },
                        undefined,
                      ],
                    ]
                  }
                >
                  <View
                    style={
                      Object {
                        "flex": 1,
                        "flexDirection": "column-reverse",
                      }
                    }
                  >
                    <View
                      style={
                        Object {
                          "flex": 1,
                        }
                      }
                    >
                      <SafeAreaView
                        style={
                          Array [
                            Object {
                              "alignItems": "center",
                              "backgroundColor": "#fff7e6",
                              "maxWidth": 467,
                              "minHeight": "100%",
                              "paddingBottom": 20,
                              "paddingLeft": 20,
                              "paddingRight": 20,
                              "paddingTop": 20,
                            },
                          ]
                        }
                      >
                        <View
                          style={
                            Object {
                              "margin": 20,
                              "marginTop": 44,
                            }
                          }
                        >
                          <View
                            style={
                              Object {
                                "marginBottom": 20,
                                "marginTop": 20,
                              }
                            }
                          >
                            <Text
                              style={
                                Array [
                                  Object {
                                    "fontSize": 24,
                                    "fontWeight": "bold",
                                    "marginBottom": 10,
                                  },
                                ]
                              }
                            >
                              Wanted
                            </Text>
                            <Text
                              style={
                                Array [
                                  Object {},
                                  Object {
                                    "color": "black",
                                    "marginBottom": 4,
                                  },
                                ]
                              }
                            >
                              Create an account buy and sell services, product, jobs and more.
                            </Text>
                          </View>
                          <Text
                            style={
                              Array [
                                Object {
                                  "color": "red",
                                  "fontSize": 12,
                                  "height": 13,
                                  "marginBottom": 6,
                                },
                              ]
                            }
                          />
                          <View
                            style={
                              Object {
                                "marginBottom": 12,
                              }
                            }
                          >
                            <View
                              style={
                                Object {
                                  "display": "flex",
                                  "flex": 1,
                                  "flexDirection": "row",
                                  "justifyContent": "space-between",
                                }
                              }
                            >
                              <Text
                                style={
                                  Array [
                                    Object {},
                                    Object {
                                      "color": "black",
                                      "fontSize": 12,
                                      "fontWeight": "bold",
                                      "marginBottom": 4,
                                    },
                                  ]
                                }
                              >
                                Email
                              </Text>
                              <Text
                                accessibilityLabel="error_email"
                                style={
                                  Array [
                                    Object {
                                      "color": "red",
                                      "fontSize": 12,
                                      "height": 13,
                                      "marginBottom": 6,
                                    },
                                  ]
                                }
                              />
                            </View>
                            <TextInput
                              accessibilityLabel="email"
                              allowFontScaling={true}
                              rejectResponderTermination={true}
                              secureTextEntry={false}
                              style={
                                Array [
                                  Object {
                                    "backgroundColor": "white",
                                    "borderRadius": 5,
                                    "color": "black",
                                    "fontSize": 14,
                                    "height": 40,
                                    "paddingLeft": 10,
                                    "paddingRight": 10,
                                  },
                                ]
                              }
                              underlineColorAndroid="transparent"
                              value=""
                            />
                          </View>
                          <View
                            style={
                              Object {
                                "marginBottom": 12,
                              }
                            }
                          >
                            <View
                              style={
                                Object {
                                  "display": "flex",
                                  "flex": 1,
                                  "flexDirection": "row",
                                  "justifyContent": "space-between",
                                }
                              }
                            >
                              <Text
                                style={
                                  Array [
                                    Object {},
                                    Object {
                                      "color": "black",
                                      "fontSize": 12,
                                      "fontWeight": "bold",
                                      "marginBottom": 4,
                                    },
                                  ]
                                }
                              >
                                Password
                              </Text>
                              <Text
                                accessibilityLabel="error_password"
                                style={
                                  Array [
                                    Object {
                                      "color": "red",
                                      "fontSize": 12,
                                      "height": 13,
                                      "marginBottom": 6,
                                    },
                                  ]
                                }
                              />
                            </View>
                            <TextInput
                              accessibilityLabel="password"
                              allowFontScaling={true}
                              rejectResponderTermination={true}
                              secureTextEntry={true}
                              style={
                                Array [
                                  Object {
                                    "backgroundColor": "white",
                                    "borderRadius": 5,
                                    "color": "black",
                                    "fontSize": 14,
                                    "height": 40,
                                    "paddingLeft": 10,
                                    "paddingRight": 10,
                                  },
                                ]
                              }
                              underlineColorAndroid="transparent"
                              value=""
                            />
                          </View>
                          <TouchableOpacity
                            activeOpacity={0.8}
                            backgroundColor="brown"
                            style={
                              Array [
                                Object {
                                  "alignItems": "center",
                                  "backgroundColor": "brown",
                                  "borderRadius": 5,
                                  "height": 40,
                                  "justifyContent": "center",
                                  "marginTop": 10,
                                },
                              ]
                            }
                          >
                            <Text
                              style={
                                Array [
                                  Object {},
                                  Object {
                                    "color": "black",
                                    "fontWeight": "bold",
                                    "marginBottom": 4,
                                  },
                                  Object {
                                    "color": "white",
                                  },
                                ]
                              }
                            >
                              Log in
                            </Text>
                          </TouchableOpacity>
                        </View>
                      </SafeAreaView>
                    </View>
                  </View>
                </View>
              </View>
            </View>
          </View>
        </View>
      </View>
      <View
        pointerEvents="box-none"
        style={
          Object {
            "left": 0,
            "position": "absolute",
            "right": 0,
            "top": 0,
          }
        }
      >
        <View
          accessibilityElementsHidden={false}
          importantForAccessibility="auto"
          pointerEvents="box-none"
          style={null}
        >
          <View
            pointerEvents="none"
            style={
              Object {
                "bottom": 0,
                "left": 0,
                "opacity": 1,
                "position": "absolute",
                "right": 0,
                "top": 0,
              }
            }
          >
            <View
              style={
                Object {
                  "backgroundColor": "rgb(255, 255, 255)",
                  "borderBottomColor": "rgb(224, 224, 224)",
                  "flex": 1,
                  "shadowColor": "rgb(224, 224, 224)",
                  "shadowOffset": Object {
                    "height": 0.5,
                    "width": 0,
                  },
                  "shadowOpacity": 0.85,
                  "shadowRadius": 0,
                }
              }
            />
          </View>
          <View
            pointerEvents="box-none"
            style={
              Object {
                "height": 64,
                "maxHeight": undefined,
                "minHeight": undefined,
                "opacity": undefined,
                "transform": undefined,
              }
            }
          >
            <View
              pointerEvents="none"
              style={
                Object {
                  "height": 20,
                }
              }
            />
            <View
              pointerEvents="box-none"
              style={
                Object {
                  "alignItems": "center",
                  "flex": 1,
                  "flexDirection": "row",
                  "justifyContent": "center",
                }
              }
            >
              <View
                pointerEvents="box-none"
                style={
                  Object {
                    "marginHorizontal": 18,
                    "opacity": 1,
                  }
                }
              >
                <Text
                  accessibilityRole="header"
                  numberOfLines={1}
                  style={
                    Object {
                      "color": "rgb(28, 28, 30)",
                      "fontSize": 17,
                      "fontWeight": "600",
                    }
                  }
                >
                  /login
                </Text>
              </View>
            </View>
          </View>
        </View>
      </View>
    </RNCSafeAreaView>
  </View>
</View>
`;
