// Jest Snapshot v1, https://goo.gl/fbAQLP

exports[`renders correctly 1`] = `
<View
  style={
    Object {
      "flex": 1,
    }
  }
>
  <RNCSafeAreaView
    onInsetsChange={[Function]}
    style={
      Object {
        "flex": 1,
      }
    }
  >
    <View
      onLayout={[Function]}
      style={
        Object {
          "flex": 1,
          "overflow": "hidden",
        }
      }
    >
      <View
        pointerEvents="box-none"
        style={
          Object {
            "bottom": 0,
            "left": 0,
            "position": "absolute",
            "right": 0,
            "top": 0,
          }
        }
      >
        <View
          accessibilityElementsHidden={false}
          closing={false}
          gestureVelocityImpact={0.3}
          importantForAccessibility="auto"
          onClose={[Function]}
          onGestureBegin={[Function]}
          onGestureCanceled={[Function]}
          onOpen={[Function]}
          onTransitionStart={[Function]}
          pointerEvents="box-none"
          style={
            Object {
              "bottom": 0,
              "left": 0,
              "position": "absolute",
              "right": 0,
              "top": 0,
            }
          }
          transitionSpec={
            Object {
              "close": Object {
                "animation": "spring",
                "config": Object {
                  "damping": 500,
                  "mass": 3,
                  "overshootClamping": true,
                  "restDisplacementThreshold": 0.01,
                  "restSpeedThreshold": 0.01,
                  "stiffness": 1000,
                },
              },
              "open": Object {
                "animation": "spring",
                "config": Object {
                  "damping": 500,
                  "mass": 3,
                  "overshootClamping": true,
                  "restDisplacementThreshold": 0.01,
                  "restSpeedThreshold": 0.01,
                  "stiffness": 1000,
                },
              },
            }
          }
        >
          <View
            pointerEvents="box-none"
            style={
              Object {
                "flex": 1,
              }
            }
          >
            <View
              collapsable={false}
              onGestureHandlerEvent={[Function]}
              onGestureHandlerStateChange={[Function]}
              style={
                Object {
                  "flex": 1,
                  "transform": Array [
                    Object {
                      "translateX": 0,
                    },
                    Object {
                      "translateX": 0,
                    },
                  ],
                }
              }
            >
              <View
                pointerEvents="none"
                style={
                  Object {
                    "backgroundColor": "#fff",
                    "bottom": 0,
                    "left": 0,
                    "position": "absolute",
                    "shadowColor": "#000",
                    "shadowOffset": Object {
                      "height": 1,
                      "width": -1,
                    },
                    "shadowOpacity": 0.3,
                    "shadowRadius": 5,
                    "top": 0,
                    "width": 3,
                  }
                }
              />
              <View
                style={
                  Array [
                    Object {
                      "flex": 1,
                      "overflow": "hidden",
                    },
                    Array [
                      Object {
                        "backgroundColor": "rgb(242, 242, 242)",
                      },
                      undefined,
                    ],
                  ]
                }
              >
                <View
                  style={
                    Object {
                      "flex": 1,
                      "flexDirection": "column-reverse",
                    }
                  }
                >
                  <View
                    style={
                      Object {
                        "flex": 1,
                      }
                    }
                  >
                    <View
                      style={
                        Array [
                          Object {
                            "alignSelf": "center",
                            "display": "flex",
                            "flexBasis": 0,
                            "flexDirection": "column",
                            "flexGrow": 1,
                            "flexShrink": 1,
                            "justifyContent": "space-between",
                            "maxWidth": 467,
                          },
                          Object {
                            "margin": 20,
                          },
                        ]
                      }
                    >
                      <Text
                        style={
                          Array [
                            Object {
                              "fontSize": 24,
                              "fontWeight": "bold",
                              "marginBottom": 10,
                              "textAlign": "center",
                            },
                          ]
                        }
                      >
                        Wanted
                      </Text>
                      <Text
                        style={
                          Array [
                            Object {},
                            Object {
                              "color": "black",
                              "marginBottom": 4,
                            },
                          ]
                        }
                      >
                        Caption To capture buyers and sellers.
                      </Text>
                      <View
                        style={
                          Array [
                            Object {
                              "display": "flex",
                              "justifyContent": "flex-end",
                            },
                          ]
                        }
                      >
                        <View
                          accessible={true}
                          focusable={true}
                          isTVSelectable={true}
                          onClick={[Function]}
                          onResponderGrant={[Function]}
                          onResponderMove={[Function]}
                          onResponderRelease={[Function]}
                          onResponderTerminate={[Function]}
                          onResponderTerminationRequest={[Function]}
                          onStartShouldSetResponder={[Function]}
                          style={
                            Object {
                              "alignItems": "center",
                              "backgroundColor": "brown",
                              "borderRadius": 5,
                              "height": 40,
                              "justifyContent": "center",
                              "marginTop": 10,
                              "opacity": 1,
                            }
                          }
                        >
                          <Text
                            style={
                              Array [
                                Object {},
                                Object {
                                  "color": "black",
                                  "marginBottom": 4,
                                },
                                Object {
                                  "color": "white",
                                },
                              ]
                            }
                          >
                            Continue with Email
                          </Text>
                        </View>
                      </View>
                    </View>
                  </View>
                </View>
              </View>
            </View>
          </View>
        </View>
      </View>
    </View>
    <View
      pointerEvents="box-none"
      style={
        Object {
          "left": 0,
          "position": "absolute",
          "right": 0,
          "top": 0,
        }
      }
    >
      <View
        accessibilityElementsHidden={false}
        importantForAccessibility="auto"
        onLayout={[Function]}
        pointerEvents="box-none"
        style={null}
      />
    </View>
  </RNCSafeAreaView>
</View>
`;
